sedInterFoam -> /home/dkslab26/OpenFOAM/sedInterFoam-2412/bin/sedInterFoam
  (isolated libs in /home/dkslab26/OpenFOAM/sedInterFoam-2412/lib ; libtwoPhaseModelInter.so)
Stage 1: Cleaning previous run outputs and initializing 0/...
Stage 2: Generating 70k mesh with blockMesh...
Stage 3: Running checkMesh...
Stage 4: Initializing water (gamma) and sediment bed (alpha.solid) with setFields...
Stage 5: Decomposing mesh for 8 parallel cores...
Stage 6: Launching sedInterFoam parallel solver (8 cores)...
Waiting 15 seconds for solver initialization...
Simulation running in background (PID: 3132). Following log.sedInterFoam with tail -f...
Press Ctrl+C to stop following the log (solver will continue running in background).
[1] --> FOAM FATAL ERROR: (openfoam-2412 patch=260127)
[1] cannot find file "/mnt/f/DKS/DKS/Exp_3AC/3C_VOF_70k/processor1/0/U.solid"
[1] 
[1]     From virtual Foam::autoPtr<Foam::ISstream> Foam::fileOperations::uncollatedFileOperation::readStream(Foam::regIOobject&, const Foam::fileName&, const Foam::word&, bool) const
[1]     in file global/fileOperations/uncollatedFileOperation/uncollatedFileOperation.C at line 629.
[1] 
FOAM parallel run exiting
[1] 
[DESKTOP-VGQQDAN:03132] 7 more processes have sent help message help-mpi-api.txt / mpi-abort
[DESKTOP-VGQQDAN:03132] Set MCA parameter "orte_base_help_aggregate" to 0 to see all help / error messages
=====================================================================
3C_VOF_70k 3-Phase simulation complete.
=====================================================================
